P (0,0) (1,0)

M Texture "diamond" "./resources/textures/diamond.ppm"
M Texture "romain"  "./resources/textures/rom.ppm"
M Texture "brick"   "./resources/textures/brick.ppm"
M Texture "rom3264" "./resources/textures/rom3264.ppm"
M Texture "rom6432" "./resources/textures/rom6432.ppm"
M Texture "glow"    "./resources/textures/glow.ppm"

# Secteurs
# Escalier dense: 0 -> 1 -> ... -> 11 avec marches de +0.08
# Annexes: alcove nord (12) et fosse sud (13)
S 0   0.00 2.20 "brick"   "rom3264"
S 1   0.08 2.20 "romain"  "diamond"
S 2   0.16 2.20 "brick"   "diamond"
S 3   0.24 2.20 "romain"  "diamond"
S 4   0.32 2.20 "brick"   "diamond"
S 5   0.40 2.20 "romain"  "diamond"
S 6   0.48 2.20 "brick"   "diamond"
S 7   0.56 2.20 "romain"  "diamond"
S 8   0.64 2.20 "brick"   "diamond"
S 9   0.72 2.20 "romain"  "diamond"
S 10  0.80 2.20 "brick"   "diamond"
S 11  0.88 1.88 "diamond" "rom6432"
S 12  0.16 2.30 "rom3264" "diamond"
S 13 -0.24 2.00 "rom6432" "brick"

# Sprites
T (0,0) "resources/textures/rom.ppm" 1 1 0 0
T (1,0) "resources/textures/rom.ppm" 1 1 0 0
T (-1,0) "resources/textures/rom.ppm" 1 1 0 0
T (0,1) "resources/textures/rom.ppm" 1 1 0 0
T (0,-1) "resources/textures/rom.ppm" 1 1 0 0

T (17,0) "resources/textures/rom.ppm" 1 1 0 11
T (20,0) "resources/textures/J.ppm" 1 1 0.1 11

# Salle centrale (secteur 0)
W (6,5) (2,5) "romain" 0 -1 "" ""
W (2,5) (-2,5) "" 0 12 "brick" "rom3264"
W (-2,5) (-6,5) "romain" 0 -1 "" ""
W (-6,5) (-6,-5) "brick" 0 -1 "" ""
W (-6,-5) (-2,-5) "romain" 0 -1 "" ""
W (-2,-5) (2,-5) "" 0 13 "brick" "rom6432"
W (2,-5) (6,-5) "romain" 0 -1 "" ""
W (6,-5) (6,-1.2) "brick" 0 -1 "" ""
W (6,-1.2) (6,1.2) "" 0 1 "brick" "rom3264"
W (6,1.2) (6,5) "brick" 0 -1 "" ""

# Escalier dense (secteurs 1 a 10)
W (7,1.2) (6,1.2) "rom3264" 1 -1 "" ""
W (6,-1.2) (7,-1.2) "rom3264" 1 -1 "" ""
W (7,-1.2) (7,1.2) "" 1 2 "brick" "romain"

W (8,1.2) (7,1.2) "rom6432" 2 -1 "" ""
W (7,-1.2) (8,-1.2) "rom6432" 2 -1 "" ""
W (8,-1.2) (8,1.2) "" 2 3 "brick" "romain"

W (9,1.2) (8,1.2) "rom3264" 3 -1 "" ""
W (8,-1.2) (9,-1.2) "rom3264" 3 -1 "" ""
W (9,-1.2) (9,1.2) "" 3 4 "brick" "romain"

W (10,1.2) (9,1.2) "rom6432" 4 -1 "" ""
W (9,-1.2) (10,-1.2) "rom6432" 4 -1 "" ""
W (10,-1.2) (10,1.2) "" 4 5 "brick" "romain"

W (11,1.2) (10,1.2) "rom3264" 5 -1 "" ""
W (10,-1.2) (11,-1.2) "rom3264" 5 -1 "" ""
W (11,-1.2) (11,1.2) "" 5 6 "brick" "romain"

W (12,1.2) (11,1.2) "rom6432" 6 -1 "" ""
W (11,-1.2) (12,-1.2) "rom6432" 6 -1 "" ""
W (12,-1.2) (12,1.2) "" 6 7 "brick" "romain"

W (13,1.2) (12,1.2) "rom3264" 7 -1 "" ""
W (12,-1.2) (13,-1.2) "rom3264" 7 -1 "" ""
W (13,-1.2) (13,1.2) "" 7 8 "brick" "romain"

W (14,1.2) (13,1.2) "rom6432" 8 -1 "" ""
W (13,-1.2) (14,-1.2) "rom6432" 8 -1 "" ""
W (14,-1.2) (14,1.2) "" 8 9 "brick" "romain"

W (15,1.2) (14,1.2) "rom3264" 9 -1 "" ""
W (14,-1.2) (15,-1.2) "rom3264" 9 -1 "" ""
W (15,-1.2) (15,1.2) "" 9 10 "brick" "romain"

W (16,1.2) (15,1.2) "rom6432" 10 -1 "" ""
W (15,-1.2) (16,-1.2) "rom6432" 10 -1 "" ""
W (16,-1.2) (16,1.2) "" 10 11 "brick" "diamond"

# Plateau final (secteur 11)
W (16,3) (16,1.2) "romain" 11 -1 "" ""
W (16,-1.2) (16,-3) "romain" 11 -1 "" ""
W (16,-3) (22,-3) "rom6432" 11 -1 "" ""
W (22,-3) (22,3) "rom6432" 11 -1 "" ""
W (22,3) (16,3) "rom6432" 11 -1 "" ""

# Petit pilier decoratif sur le plateau (secteur 11)
W (18.4,-0.6) (19.2,-0.6) "glow" 11 -1 "" ""
W (19.2,-0.6) (19.2,0.6) "glow" 11 -1 "" ""
W (19.2,0.6) (18.4,0.6) "glow" 11 -1 "" ""
W (18.4,0.6) (18.4,-0.6) "glow" 11 -1 "" ""

# Alcove nord (secteur 12)
W (-2,5) (-2,8) "rom3264" 12 -1 "" ""
W (-2,8) (2,8) "rom6432" 12 -1 "" ""
W (2,8) (2,5) "rom3264" 12 -1 "" ""

# Fosse sud (secteur 13)
W (2,-5) (2,-8) "brick" 13 -1 "" ""
W (2,-8) (-2,-8) "rom6432" 13 -1 "" ""
W (-2,-8) (-2,-5) "brick" 13 -1 "" ""
